Archive member included to satisfy reference by file (symbol)

D:/STM32/STM32CubeIDE_1.16.0/STM32CubeIDE/plugins/com.st.stm32cube.ide.mcu.externaltools.gnu-tools-for-stm32.12.3.rel1.win32_1.0.200.202406191623/tools/bin/../lib/gcc/arm-none-eabi/12.3.1/../../../../arm-none-eabi/lib/thumb/v7-m/nofp\libc_nano.a(libc_a-exit.o)
                              D:/STM32/STM32CubeIDE_1.16.0/STM32CubeIDE/plugins/com.st.stm32cube.ide.mcu.externaltools.gnu-tools-for-stm32.12.3.rel1.win32_1.0.200.202406191623/tools/bin/../lib/gcc/arm-none-eabi/12.3.1/../../../../arm-none-eabi/lib/thumb/v7-m/nofp/crt0.o (exit)
D:/STM32/STM32CubeIDE_1.16.0/STM32CubeIDE/plugins/com.st.stm32cube.ide.mcu.externaltools.gnu-tools-for-stm32.12.3.rel1.win32_1.0.200.202406191623/tools/bin/../lib/gcc/arm-none-eabi/12.3.1/../../../../arm-none-eabi/lib/thumb/v7-m/nofp\libc_nano.a(libc_a-findfp.o)
                              D:/STM32/STM32CubeIDE_1.16.0/STM32CubeIDE/plugins/com.st.stm32cube.ide.mcu.externaltools.gnu-tools-for-stm32.12.3.rel1.win32_1.0.200.202406191623/tools/bin/../lib/gcc/arm-none-eabi/12.3.1/../../../../arm-none-eabi/lib/thumb/v7-m/nofp\libc_nano.a(libc_a-exit.o) (__stdio_exit_handler)
D:/STM32/STM32CubeIDE_1.16.0/STM32CubeIDE/plugins/com.st.stm32cube.ide.mcu.externaltools.gnu-tools-for-stm32.12.3.rel1.win32_1.0.200.202406191623/tools/bin/../lib/gcc/arm-none-eabi/12.3.1/../../../../arm-none-eabi/lib/thumb/v7-m/nofp\libc_nano.a(libc_a-fwalk.o)
                              D:/STM32/STM32CubeIDE_1.16.0/STM32CubeIDE/plugins/com.st.stm32cube.ide.mcu.externaltools.gnu-tools-for-stm32.12.3.rel1.win32_1.0.200.202406191623/tools/bin/../lib/gcc/arm-none-eabi/12.3.1/../../../../arm-none-eabi/lib/thumb/v7-m/nofp\libc_nano.a(libc_a-findfp.o) (_fwalk_sglue)
D:/STM32/STM32CubeIDE_1.16.0/STM32CubeIDE/plugins/com.st.stm32cube.ide.mcu.externaltools.gnu-tools-for-stm32.12.3.rel1.win32_1.0.200.202406191623/tools/bin/../lib/gcc/arm-none-eabi/12.3.1/../../../../arm-none-eabi/lib/thumb/v7-m/nofp\libc_nano.a(libc_a-stdio.o)
                              D:/STM32/STM32CubeIDE_1.16.0/STM32CubeIDE/plugins/com.st.stm32cube.ide.mcu.externaltools.gnu-tools-for-stm32.12.3.rel1.win32_1.0.200.202406191623/tools/bin/../lib/gcc/arm-none-eabi/12.3.1/../../../../arm-none-eabi/lib/thumb/v7-m/nofp\libc_nano.a(libc_a-findfp.o) (__sread)
D:/STM32/STM32CubeIDE_1.16.0/STM32CubeIDE/plugins/com.st.stm32cube.ide.mcu.externaltools.gnu-tools-for-stm32.12.3.rel1.win32_1.0.200.202406191623/tools/bin/../lib/gcc/arm-none-eabi/12.3.1/../../../../arm-none-eabi/lib/thumb/v7-m/nofp\libc_nano.a(libc_a-memset.o)
                              D:/STM32/STM32CubeIDE_1.16.0/STM32CubeIDE/plugins/com.st.stm32cube.ide.mcu.externaltools.gnu-tools-for-stm32.12.3.rel1.win32_1.0.200.202406191623/tools/bin/../lib/gcc/arm-none-eabi/12.3.1/../../../../arm-none-eabi/lib/thumb/v7-m/nofp/crt0.o (memset)
D:/STM32/STM32CubeIDE_1.16.0/STM32CubeIDE/plugins/com.st.stm32cube.ide.mcu.externaltools.gnu-tools-for-stm32.12.3.rel1.win32_1.0.200.202406191623/tools/bin/../lib/gcc/arm-none-eabi/12.3.1/../../../../arm-none-eabi/lib/thumb/v7-m/nofp\libc_nano.a(libc_a-closer.o)
                              D:/STM32/STM32CubeIDE_1.16.0/STM32CubeIDE/plugins/com.st.stm32cube.ide.mcu.externaltools.gnu-tools-for-stm32.12.3.rel1.win32_1.0.200.202406191623/tools/bin/../lib/gcc/arm-none-eabi/12.3.1/../../../../arm-none-eabi/lib/thumb/v7-m/nofp\libc_nano.a(libc_a-stdio.o) (_close_r)
D:/STM32/STM32CubeIDE_1.16.0/STM32CubeIDE/plugins/com.st.stm32cube.ide.mcu.externaltools.gnu-tools-for-stm32.12.3.rel1.win32_1.0.200.202406191623/tools/bin/../lib/gcc/arm-none-eabi/12.3.1/../../../../arm-none-eabi/lib/thumb/v7-m/nofp\libc_nano.a(libc_a-reent.o)
                              D:/STM32/STM32CubeIDE_1.16.0/STM32CubeIDE/plugins/com.st.stm32cube.ide.mcu.externaltools.gnu-tools-for-stm32.12.3.rel1.win32_1.0.200.202406191623/tools/bin/../lib/gcc/arm-none-eabi/12.3.1/../../../../arm-none-eabi/lib/thumb/v7-m/nofp\libc_nano.a(libc_a-closer.o) (errno)
D:/STM32/STM32CubeIDE_1.16.0/STM32CubeIDE/plugins/com.st.stm32cube.ide.mcu.externaltools.gnu-tools-for-stm32.12.3.rel1.win32_1.0.200.202406191623/tools/bin/../lib/gcc/arm-none-eabi/12.3.1/../../../../arm-none-eabi/lib/thumb/v7-m/nofp\libc_nano.a(libc_a-impure.o)
                              D:/STM32/STM32CubeIDE_1.16.0/STM32CubeIDE/plugins/com.st.stm32cube.ide.mcu.externaltools.gnu-tools-for-stm32.12.3.rel1.win32_1.0.200.202406191623/tools/bin/../lib/gcc/arm-none-eabi/12.3.1/../../../../arm-none-eabi/lib/thumb/v7-m/nofp\libc_nano.a(libc_a-reent.o) (_impure_ptr)
D:/STM32/STM32CubeIDE_1.16.0/STM32CubeIDE/plugins/com.st.stm32cube.ide.mcu.externaltools.gnu-tools-for-stm32.12.3.rel1.win32_1.0.200.202406191623/tools/bin/../lib/gcc/arm-none-eabi/12.3.1/../../../../arm-none-eabi/lib/thumb/v7-m/nofp\libc_nano.a(libc_a-lseekr.o)
[...]
Memory Configuration

Name             Origin             Length             Attributes
RAM              0x20000000         0x00002800         xrw
FLASH            0x08000000         0x00008000         xr
*default*        0x00000000         0xffffffff

Linker script and memory map

LOAD D:/STM32/STM32CubeIDE_1.16.0/STM32CubeIDE/plugins/com.st.stm32cube.ide.mcu.externaltools.gnu-tools-for-stm32.12.3.rel1.win32_1.0.200.202406191623/tools/bin/../lib/gcc/arm-none-eabi/12.3.1/thumb/v7-m/nofp/crti.o
LOAD D:/STM32/STM32CubeIDE_1.16.0/STM32CubeIDE/plugins/com.st.stm32cube.ide.mcu.externaltools.gnu-tools-for-stm32.12.3.rel1.win32_1.0.200.202406191623/tools/bin/../lib/gcc/arm-none-eabi/12.3.1/thumb/v7-m/nofp/crtbegin.o
LOAD D:/STM32/STM32CubeIDE_1.16.0/STM32CubeIDE/plugins/com.st.stm32cube.ide.mcu.externaltools.gnu-tools-for-stm32.12.3.rel1.win32_1.0.200.202406191623/tools/bin/../lib/gcc/arm-none-eabi/12.3.1/../../../../arm-none-eabi/lib/thumb/v7-m/nofp/crt0.o
LOAD ./Core/Src/7_SEGMENT.o
LOAD ./Core/Src/button.o
LOAD ./Core/Src/fsm_automatic.o
LOAD ./Core/Src/fsm_manual.o
LOAD ./Core/Src/global.o
LOAD ./Core/Src/led.o
LOAD ./Core/Src/main.o
LOAD ./Core/Src/stm32f1xx_hal_msp.o
LOAD ./Core/Src/stm32f1xx_it.o
LOAD ./Core/Src/syscalls.o
LOAD ./Core/Src/sysmem.o
LOAD ./Core/Src/system_stm32f1xx.o
LOAD ./Core/Src/timer.o
LOAD ./Core/Startup/startup_stm32f103c6tx.o
LOAD ./Drivers/STM32F1xx_HAL_Driver/Src/stm32f1xx_hal.o
LOAD ./Drivers/STM32F1xx_HAL_Driver/Src/stm32f1xx_hal_cortex.o
LOAD ./Drivers/STM32F1xx_HAL_Driver/Src/stm32f1xx_hal_dma.o
LOAD ./Drivers/STM32F1xx_HAL_Driver/Src/stm32f1xx_hal_exti.o
LOAD ./Drivers/STM32F1xx_HAL_Driver/Src/stm32f1xx_hal_flash.o
LOAD ./Drivers/STM32F1xx_HAL_Driver/Src/stm32f1xx_hal_flash_ex.o
LOAD ./Drivers/STM32F1xx_HAL_Driver/Src/stm32f1xx_hal_gpio.o
LOAD ./Drivers/STM32F1xx_HAL_Driver/Src/stm32f1xx_hal_gpio_ex.o
LOAD ./Drivers/STM32F1xx_HAL_Driver/Src/stm32f1xx_hal_pwr.o
LOAD ./Drivers/STM32F1xx_HAL_Driver/Src/stm32f1xx_hal_rcc.o
LOAD ./Drivers/STM32F1xx_HAL_Driver/Src/stm32f1xx_hal_rcc_ex.o
LOAD ./Drivers/STM32F1xx_HAL_Driver/Src/stm32f1xx_hal_tim.o
LOAD ./Drivers/STM32F1xx_HAL_Driver/Src/stm32f1xx_hal_tim_ex.o
START GROUP
LOAD D:/STM32/STM32CubeIDE_1.16.0/STM32CubeIDE/plugins/com.st.stm32cube.ide.mcu.externaltools.gnu-tools-for-stm32.12.3.rel1.win32_1.0.200.202406191623/tools/bin/../lib/gcc/arm-none-eabi/12.3.1/../../../../arm-none-eabi/lib/thumb/v7-m/nofp\libc_nano.a
LOAD D:/STM32/STM32CubeIDE_1.16.0/STM32CubeIDE/plugins/com.st.stm32cube.ide.mcu.externaltools.gnu-tools-for-stm32.12.3.rel1.win32_1.0.200.202406191623/tools/bin/../lib/gcc/arm-none-eabi/12.3.1/../../../../arm-none-eabi/lib/thumb/v7-m/nofp\libm.a
END GROUP
START GROUP
LOAD D:/STM32/STM32CubeIDE_1.16.0/STM32CubeIDE/plugins/com.st.stm32cube.ide.mcu.externaltools.gnu-tools-for-stm32.12.3.rel1.win32_1.0.200.202406191623/tools/bin/../lib/gcc/arm-none-eabi/12.3.1/thumb/v7-m/nofp\libgcc.a
LOAD D:/STM32/STM32CubeIDE_1.16.0/STM32CubeIDE/plugins/com.st.stm32cube.ide.mcu.externaltools.gnu-tools-for-stm32.12.3.rel1.win32_1.0.200.202406191623/tools/bin/../lib/gcc/arm-none-eabi/12.3.1/../../../../arm-none-eabi/lib/thumb/v7-m/nofp\libc_nano.a
END GROUP
START GROUP
LOAD D:/STM32/STM32CubeIDE_1.16.0/STM32CubeIDE/plugins/com.st.stm32cube.ide.mcu.externaltools.gnu-tools-for-stm32.12.3.rel1.win32_1.0.200.202406191623/tools/bin/../lib/gcc/arm-none-eabi/12.3.1/thumb/v7-m/nofp\libgcc.a
LOAD D:/STM32/STM32CubeIDE_1.16.0/STM32CubeIDE/plugins/com.st.stm32cube.ide.mcu.externaltools.gnu-tools-for-stm32.12.3.rel1.win32_1.0.200.202406191623/tools/bin/../lib/gcc/arm-none-eabi/12.3.1/../../../../arm-none-eabi/lib/thumb/v7-m/nofp\libc_nano.a
LOAD D:/STM32/STM32CubeIDE_1.16.0/STM32CubeIDE/plugins/com.st.stm32cube.ide.mcu.externaltools.gnu-tools-for-stm32.12.3.rel1.win32_1.0.200.202406191623/tools/bin/../lib/gcc/arm-none-eabi/12.3.1/../../../../arm-none-eabi/lib/thumb/v7-m/nofp\libnosys.a
END GROUP
START GROUP
LOAD D:/STM32/STM32CubeIDE_1.16.0/STM32CubeIDE/plugins/com.st.stm32cube.ide.mcu.externaltools.gnu-tools-for-stm32.12.3.rel1.win32_1.0.200.202406191623/tools/bin/../lib/gcc/arm-none-eabi/12.3.1/thumb/v7-m/nofp\libgcc.a
LOAD D:/STM32/STM32CubeIDE_1.16.0/STM32CubeIDE/plugins/com.st.stm32cube.ide.mcu.externaltools.gnu-tools-for-stm32.12.3.rel1.win32_1.0.200.202406191623/tools/bin/../lib/gcc/arm-none-eabi/12.3.1/../../../../arm-none-eabi/lib/thumb/v7-m/nofp\libc_nano.a
LOAD D:/STM32/STM32CubeIDE_1.16.0/STM32CubeIDE/plugins/com.st.stm32cube.ide.mcu.externaltools.gnu-tools-for-stm32.12.3.rel1.win32_1.0.200.202406191623/tools/bin/../lib/gcc/arm-none-eabi/12.3.1/../../../../arm-none-eabi/lib/thumb/v7-m/nofp\libnosys.a
END GROUP
LOAD D:/STM32/STM32CubeIDE_1.16.0/STM32CubeIDE/plugins/com.st.stm32cube.ide.mcu.externaltools.gnu-tools-for-stm32.12.3.rel1.win32_1.0.200.202406191623/tools/bin/../lib/gcc/arm-none-eabi/12.3.1/thumb/v7-m/nofp/crtend.o
LOAD D:/STM32/STM32CubeIDE_1.16.0/STM32CubeIDE/plugins/com.st.stm32cube.ide.mcu.externaltools.gnu-tools-for-stm32.12.3.rel1.win32_1.0.200.202406191623/tools/bin/../lib/gcc/arm-none-eabi/12.3.1/thumb/v7-m/nofp/crtn.o
                0x20002800                        _estack = (ORIGIN (RAM) + LENGTH (RAM))
                0x00000200                        _Min_Heap_Size = 0x200
                0x00000400                        _Min_Stack_Size = 0x400

.isr_vector     0x08000000      0x10c
                0x08000000                        . = ALIGN (0x4)
 *(.isr_vector)
 .isr_vector    0x08000000      0x10c ./Core/Startup/startup_stm32f103c6tx.o
                0x08000000                g_pfnVectors
                0x0800010c                        . = ALIGN (0x4)

.text           0x08000110     0x3400
                0x08000110                        . = ALIGN (0x4)
 *(.text)
 .text          0x08000110       0x40 D:/STM32/STM32CubeIDE_1.16.0/STM32CubeIDE/plugins/com.st.stm32cube.ide.mcu.externaltools.gnu-tools-for-stm32.12.3.rel1.win32_1.0.200.202406191623/tools/bin/../lib/gcc/arm-none-eabi/12.3.1/thumb/v7-m/nofp/crtbegin.o
 .text          0x08000150      0x254 D:/STM32/STM32CubeIDE_1.16.0/STM32CubeIDE/plugins/com.st.stm32cube.ide.mcu.externaltools.gnu-tools-for-stm32.12.3.rel1.win32_1.0.200.202406191623/tools/bin/../lib/gcc/arm-none-eabi/12.3.1/thumb/v7-m/nofp\libgcc.a(_arm_muldf3.o)
                0x08000150                __muldf3
                0x08000150                __aeabi_dmul
 .text          0x080003a4      0x378 D:/STM32/STM32CubeIDE_1.16.0/STM32CubeIDE/plugins/com.st.stm32cube.ide.mcu.externaltools.gnu-tools-for-stm32.12.3.rel1.win32_1.0.200.202406191623/tools/bin/../lib/gcc/arm-none-eabi/12.3.1/thumb/v7-m/nofp\libgcc.a(_arm_addsubdf3.o)
                0x080003a4                __aeabi_drsub
                0x080003ac                __aeabi_dsub
                0x080003ac                __subdf3
                0x080003b0                __aeabi_dadd
                0x080003b0                __adddf3
                0x08000628                __floatunsidf
                0x08000628                __aeabi_ui2d
                0x08000648                __floatsidf
                0x08000648                __aeabi_i2d
                0x0800066c                __aeabi_f2d
                0x0800066c                __extendsfdf2
                0x080006b0                __floatundidf
                0x080006b0                __aeabi_ul2d
                0x080006c0                __floatdidf
                0x080006c0                __aeabi_l2d
 .text          0x0800071c      0x110 D:/STM32/STM32CubeIDE_1.16.0/STM32CubeIDE/plugins/com.st.stm32cube.ide.mcu.externaltools.gnu-tools-for-stm32.12.3.rel1.win32_1.0.200.202406191623/tools/bin/../lib/gcc/arm-none-eabi/12.3.1/thumb/v7-m/nofp\libgcc.a(_arm_cmpdf2.o)
                0x0800071c                __gtdf2
                0x0800071c                __gedf2
                0x08000724                __ltdf2
                0x08000724                __ledf2
                0x0800072c                __nedf2
                0x0800072c                __eqdf2
                0x0800072c                __cmpdf2
                0x080007a8                __aeabi_cdrcmple
                0x080007b8                __aeabi_cdcmpeq
                0x080007b8                __aeabi_cdcmple
                0x080007c8                __aeabi_dcmpeq
                0x080007dc                __aeabi_dcmplt
                0x080007f0                __aeabi_dcmple
                0x08000804                __aeabi_dcmpge
                0x08000818                __aeabi_dcmpgt
 .text          0x0800082c       0x50 D:/STM32/STM32CubeIDE_1.16.0/STM32CubeIDE/plugins/com.st.stm32cube.ide.mcu.externaltools.gnu-tools-for-stm32.12.3.rel1.win32_1.0.200.202406191623/tools/bin/../lib/gcc/arm-none-eabi/12.3.1/thumb/v7-m/nofp\libgcc.a(_arm_fixdfsi.o)
                0x0800082c                __aeabi_d2iz
                0x0800082c                __fixdfsi
 *(.text*)
 .text.Enable_led
                0x0800087c       0x54 ./Core/Src/7_SEGMENT.o
                0x0800087c                Enable_led
 .text.display7SEG
                0x080008d0      0x55c ./Core/Src/7_SEGMENT.o
                0x080008d0                display7SEG
 .text.run_led  0x08000e2c       0xc0 ./Core/Src/7_SEGMENT.o
                0x08000e2c                run_led
 .text.isButton_Pressed
                0x08000eec       0x58 ./Core/Src/button.o
                0x08000eec                isButton_Pressed
 .text.is_MODE_Pressed
                0x08000f44       0x10 ./Core/Src/button.o
                0x08000f44                is_MODE_Pressed
 .text.is_TIME_Pressed
                0x08000f54       0x10 ./Core/Src/button.o
                0x08000f54                is_TIME_Pressed
 .text.is_SET_Pressed
                0x08000f64       0x10 ./Core/Src/button.o
                0x08000f64                is_SET_Pressed
 .text.getKeyInput
                0x08000f74      0x1f4 ./Core/Src/button.o
                0x08000f74                getKeyInput
 .text.fsm_automatic_run
                0x08001168       0xa4 ./Core/Src/fsm_automatic.o
                0x08001168                fsm_automatic_run
 .text.come_back_auto
                0x0800120c       0x44 ./Core/Src/fsm_automatic.o
                0x0800120c                come_back_auto
 .text.init_RED_GREEN
                0x08001250       0x70 ./Core/Src/fsm_automatic.o
                0x08001250                init_RED_GREEN
 .text.init_RED_YELLOW
                0x080012c0       0x60 ./Core/Src/fsm_automatic.o
                0x080012c0                init_RED_YELLOW
 .text.init_GREEN_RED
                0x08001320       0x70 ./Core/Src/fsm_automatic.o
                0x08001320                init_GREEN_RED
 .text.init_YELLOW_RED
                0x08001390       0x60 ./Core/Src/fsm_automatic.o
                0x08001390                init_YELLOW_RED
 .text.init_fsm_manual
                0x080013f0       0x64 ./Core/Src/fsm_manual.o
                0x080013f0                init_fsm_manual
 *fill*         0x08001454        0x4 
 .text.fsm_manual
                0x08001458      0x2a0 ./Core/Src/fsm_manual.o
                0x08001458                fsm_manual
 .text.run      0x080016f8       0x4c ./Core/Src/global.o
                0x080016f8                run
 .text.turn_on_LED
                0x08001744       0x2c ./Core/Src/led.o
                0x08001744                turn_on_LED
 .text.turn_off_LED
                0x08001770       0x2c ./Core/Src/led.o
                0x08001770                turn_off_LED
 .text.toogle_LED
                0x0800179c       0x2c ./Core/Src/led.o
                0x0800179c                toogle_LED
 .text.init_Blink_led
                0x080017c8       0x9e ./Core/Src/led.o
                0x080017c8                init_Blink_led
 .text.Blink_led
                0x08001866       0x56 ./Core/Src/led.o
                0x08001866                Blink_led
 .text.main     0x080018bc       0x24 ./Core/Src/main.o
                0x080018bc                main
 .text.SystemClock_Config
                0x080018e0       0x76 ./Core/Src/main.o
                0x080018e0                SystemClock_Config
 *fill*         0x08001956        0x2 
 .text.MX_TIM2_Init
                0x08001958       0x98 ./Core/Src/main.o
 .text.MX_GPIO_Init
                0x080019f0       0xfc ./Core/Src/main.o
 .text.HAL_TIM_PeriodElapsedCallback
                0x08001aec       0x18 ./Core/Src/main.o
                0x08001aec                HAL_TIM_PeriodElapsedCallback
 .text.Error_Handler
                0x08001b04        0xc ./Core/Src/main.o
                0x08001b04                Error_Handler
 .text.HAL_MspInit
                0x08001b10       0x64 ./Core/Src/stm32f1xx_hal_msp.o
                0x08001b10                HAL_MspInit
 .text.HAL_TIM_Base_MspInit
                0x08001b74       0x48 ./Core/Src/stm32f1xx_hal_msp.o
                0x08001b74                HAL_TIM_Base_MspInit
 .text.NMI_Handler
                0x08001bbc        0x8 ./Core/Src/stm32f1xx_it.o
                0x08001bbc                NMI_Handler
 .text.HardFault_Handler
                0x08001bc4        0x8 ./Core/Src/stm32f1xx_it.o
                0x08001bc4                HardFault_Handler
 .text.MemManage_Handler
                0x08001bcc        0x8 ./Core/Src/stm32f1xx_it.o
                0x08001bcc                MemManage_Handler
 .text.BusFault_Handler
                0x08001bd4        0x8 ./Core/Src/stm32f1xx_it.o
                0x08001bd4                BusFault_Handler
 .text.UsageFault_Handler
                0x08001bdc        0x8 ./Core/Src/stm32f1xx_it.o
                0x08001bdc                UsageFault_Handler
 .text.SVC_Handler
                0x08001be4        0xc ./Core/Src/stm32f1xx_it.o
                0x08001be4                SVC_Handler
 .text.DebugMon_Handler
                0x08001bf0        0xc ./Core/Src/stm32f1xx_it.o
                0x08001bf0                DebugMon_Handler
 .text.PendSV_Handler
                0x08001bfc        0xc ./Core/Src/stm32f1xx_it.o
                0x08001bfc                PendSV_Handler
 .text.SysTick_Handler
                0x08001c08        0xc ./Core/Src/stm32f1xx_it.o
                0x08001c08                SysTick_Handler
 .text.TIM2_IRQHandler
                0x08001c14       0x14 ./Core/Src/stm32f1xx_it.o
                0x08001c14                TIM2_IRQHandler
 .text.SystemInit
                0x08001c28        0xc ./Core/Src/system_stm32f1xx.o
                0x08001c28                SystemInit
 .text.Setup_time
                0x08001c34       0x70 ./Core/Src/timer.o
                0x08001c34                Setup_time
 .text.reset    0x08001ca4       0x4c ./Core/Src/timer.o
                0x08001ca4                reset
 .text.timer_run
                0x08001cf0       0x90 ./Core/Src/timer.o
                0x08001cf0                timer_run
 .text.Reset_Handler
                0x08001d80       0x48 ./Core/Startup/startup_stm32f103c6tx.o
                0x08001d80                Reset_Handler
 .text.Default_Handler
                0x08001dc8        0x2 ./Core/Startup/startup_stm32f103c6tx.o
                0x08001dc8                RTC_Alarm_IRQHandler
                0x08001dc8                EXTI2_IRQHandler
                0x08001dc8                TIM1_CC_IRQHandler
                0x08001dc8                PVD_IRQHandler
                0x08001dc8                EXTI3_IRQHandler
                0x08001dc8                EXTI0_IRQHandler
                0x08001dc8                ADC1_2_IRQHandler
                0x08001dc8                SPI1_IRQHandler
                0x08001dc8                TAMPER_IRQHandler
                0x08001dc8                DMA1_Channel4_IRQHandler
                0x08001dc8                RTC_IRQHandler
                0x08001dc8                DMA1_Channel7_IRQHandler
                0x08001dc8                CAN1_RX1_IRQHandler
                0x08001dc8                I2C1_EV_IRQHandler
                0x08001dc8                DMA1_Channel6_IRQHandler
                0x08001dc8                TIM3_IRQHandler
                0x08001dc8                RCC_IRQHandler
                0x08001dc8                TIM1_TRG_COM_IRQHandler
                0x08001dc8                DMA1_Channel1_IRQHandler
                0x08001dc8                Default_Handler
                0x08001dc8                EXTI15_10_IRQHandler
                0x08001dc8                EXTI9_5_IRQHandler
                0x08001dc8                DMA1_Channel5_IRQHandler
                0x08001dc8                EXTI4_IRQHandler
                0x08001dc8                USB_LP_CAN1_RX0_IRQHandler
                0x08001dc8                USB_HP_CAN1_TX_IRQHandler
                0x08001dc8                DMA1_Channel3_IRQHandler
                0x08001dc8                TIM1_UP_IRQHandler
                0x08001dc8                WWDG_IRQHandler
                0x08001dc8                TIM1_BRK_IRQHandler
                0x08001dc8                EXTI1_IRQHandler
                0x08001dc8                USART2_IRQHandler
                0x08001dc8                DMA1_Channel2_IRQHandler
                0x08001dc8                CAN1_SCE_IRQHandler
                0x08001dc8                FLASH_IRQHandler
                0x08001dc8                USART1_IRQHandler
                0x08001dc8                I2C1_ER_IRQHandler
                0x08001dc8                USBWakeUp_IRQHandler
 *fill*         0x08001dca        0x2 
 .text.HAL_Init
                0x08001dcc       0x2c ./Drivers/STM32F1xx_HAL_Driver/Src/stm32f1xx_hal.o
                0x08001dcc                HAL_Init
 .text.HAL_InitTick
                0x08001df8       0x60 ./Drivers/STM32F1xx_HAL_Driver/Src/stm32f1xx_hal.o
                0x08001df8                HAL_InitTick
 .text.HAL_IncTick
                0x08001e58       0x24 ./Drivers/STM32F1xx_HAL_Driver/Src/stm32f1xx_hal.o
                0x08001e58                HAL_IncTick
 .text.HAL_GetTick
                0x08001e7c       0x14 ./Drivers/STM32F1xx_HAL_Driver/Src/stm32f1xx_hal.o
                0x08001e7c                HAL_GetTick
 .text.__NVIC_SetPriorityGrouping
                0x08001e90       0x48 ./Drivers/STM32F1xx_HAL_Driver/Src/stm32f1xx_hal_cortex.o
 .text.__NVIC_GetPriorityGrouping
                0x08001ed8       0x1c ./Drivers/STM32F1xx_HAL_Driver/Src/stm32f1xx_hal_cortex.o
 .text.__NVIC_EnableIRQ
                0x08001ef4       0x38 ./Drivers/STM32F1xx_HAL_Driver/Src/stm32f1xx_hal_cortex.o
 .text.__NVIC_SetPriority
                0x08001f2c       0x54 ./Drivers/STM32F1xx_HAL_Driver/Src/stm32f1xx_hal_cortex.o
 .text.NVIC_EncodePriority
                0x08001f80       0x64 ./Drivers/STM32F1xx_HAL_Driver/Src/stm32f1xx_hal_cortex.o
 .text.SysTick_Config
                0x08001fe4       0x44 ./Drivers/STM32F1xx_HAL_Driver/Src/stm32f1xx_hal_cortex.o
 .text.HAL_NVIC_SetPriorityGrouping
                0x08002028       0x16 ./Drivers/STM32F1xx_HAL_Driver/Src/stm32f1xx_hal_cortex.o
                0x08002028                HAL_NVIC_SetPriorityGrouping
 .text.HAL_NVIC_SetPriority
                0x0800203e       0x38 ./Drivers/STM32F1xx_HAL_Driver/Src/stm32f1xx_hal_cortex.o
                0x0800203e                HAL_NVIC_SetPriority
 .text.HAL_NVIC_EnableIRQ
                0x08002076       0x1c ./Drivers/STM32F1xx_HAL_Driver/Src/stm32f1xx_hal_cortex.o
                0x08002076                HAL_NVIC_EnableIRQ
 .text.HAL_SYSTICK_Config
                0x08002092       0x18 ./Drivers/STM32F1xx_HAL_Driver/Src/stm32f1xx_hal_cortex.o
                0x08002092                HAL_SYSTICK_Config
 *fill*         0x080020aa        0x2 
 .text.HAL_GPIO_Init
                0x080020ac      0x2f8 ./Drivers/STM32F1xx_HAL_Driver/Src/stm32f1xx_hal_gpio.o
                0x080020ac                HAL_GPIO_Init
 .text.HAL_GPIO_ReadPin
                0x080023a4       0x2e ./Drivers/STM32F1xx_HAL_Driver/Src/stm32f1xx_hal_gpio.o
                0x080023a4                HAL_GPIO_ReadPin
 .text.HAL_GPIO_WritePin
                0x080023d2       0x30 ./Drivers/STM32F1xx_HAL_Driver/Src/stm32f1xx_hal_gpio.o
                0x080023d2                HAL_GPIO_WritePin
 .text.HAL_GPIO_TogglePin
                0x08002402       0x32 ./Drivers/STM32F1xx_HAL_Driver/Src/stm32f1xx_hal_gpio.o
                0x08002402                HAL_GPIO_TogglePin
 .text.HAL_RCC_OscConfig
                0x08002434      0x504 ./Drivers/STM32F1xx_HAL_Driver/Src/stm32f1xx_hal_rcc.o
                0x08002434                HAL_RCC_OscConfig
 .text.HAL_RCC_ClockConfig
                0x08002938      0x1d4 ./Drivers/STM32F1xx_HAL_Driver/Src/stm32f1xx_hal_rcc.o
                0x08002938                HAL_RCC_ClockConfig
 .text.HAL_RCC_GetSysClockFreq
                0x08002b0c       0xa8 ./Drivers/STM32F1xx_HAL_Driver/Src/stm32f1xx_hal_rcc.o
                0x08002b0c                HAL_RCC_GetSysClockFreq
 .text.RCC_Delay
                0x08002bb4       0x3c ./Drivers/STM32F1xx_HAL_Driver/Src/stm32f1xx_hal_rcc.o
 .text.HAL_TIM_Base_Init
                0x08002bf0       0x9e ./Drivers/STM32F1xx_HAL_Driver/Src/stm32f1xx_hal_tim.o
                0x08002bf0                HAL_TIM_Base_Init
 *fill*         0x08002c8e        0x2 
 .text.HAL_TIM_Base_Start_IT
                0x08002c90       0x98 ./Drivers/STM32F1xx_HAL_Driver/Src/stm32f1xx_hal_tim.o
                0x08002c90                HAL_TIM_Base_Start_IT
 .text.HAL_TIM_IRQHandler
                0x08002d28      0x1e0 ./Drivers/STM32F1xx_HAL_Driver/Src/stm32f1xx_hal_tim.o
                0x08002d28                HAL_TIM_IRQHandler
 .text.HAL_TIM_ConfigClockSource
                0x08002f08      0x18e ./Drivers/STM32F1xx_HAL_Driver/Src/stm32f1xx_hal_tim.o
                0x08002f08                HAL_TIM_ConfigClockSource
 .text.HAL_TIM_OC_DelayElapsedCallback
                0x08003096       0x12 ./Drivers/STM32F1xx_HAL_Driver/Src/stm32f1xx_hal_tim.o
                0x08003096                HAL_TIM_OC_DelayElapsedCallback
 .text.HAL_TIM_IC_CaptureCallback
                0x080030a8       0x12 ./Drivers/STM32F1xx_HAL_Driver/Src/stm32f1xx_hal_tim.o
                0x080030a8                HAL_TIM_IC_CaptureCallback
 .text.HAL_TIM_PWM_PulseFinishedCallback
                0x080030ba       0x12 ./Drivers/STM32F1xx_HAL_Driver/Src/stm32f1xx_hal_tim.o
                0x080030ba                HAL_TIM_PWM_PulseFinishedCallback
 .text.HAL_TIM_TriggerCallback
                0x080030cc       0x12 ./Drivers/STM32F1xx_HAL_Driver/Src/stm32f1xx_hal_tim.o
                0x080030cc                HAL_TIM_TriggerCallback
 *fill*         0x080030de        0x2 
 .text.TIM_Base_SetConfig
                0x080030e0       0xc8 ./Drivers/STM32F1xx_HAL_Driver/Src/stm32f1xx_hal_tim.o
                0x080030e0                TIM_Base_SetConfig
 .text.TIM_TI1_ConfigInputStage
                0x080031a8       0x5c ./Drivers/STM32F1xx_HAL_Driver/Src/stm32f1xx_hal_tim.o
 .text.TIM_TI2_ConfigInputStage
                0x08003204       0x5e ./Drivers/STM32F1xx_HAL_Driver/Src/stm32f1xx_hal_tim.o
 .text.TIM_ITRx_SetConfig
                0x08003262       0x34 ./Drivers/STM32F1xx_HAL_Driver/Src/stm32f1xx_hal_tim.o
 .text.TIM_ETR_SetConfig
                0x08003296       0x3e ./Drivers/STM32F1xx_HAL_Driver/Src/stm32f1xx_hal_tim.o
                0x08003296                TIM_ETR_SetConfig
 .text.HAL_TIMEx_MasterConfigSynchronization
                0x080032d4       0xb0 ./Drivers/STM32F1xx_HAL_Driver/Src/stm32f1xx_hal_tim_ex.o
                0x080032d4                HAL_TIMEx_MasterConfigSynchronization
 .text.HAL_TIMEx_CommutCallback
                0x08003384       0x12 ./Drivers/STM32F1xx_HAL_Driver/Src/stm32f1xx_hal_tim_ex.o
                0x08003384                HAL_TIMEx_CommutCallback
 .text.HAL_TIMEx_BreakCallback
                0x08003396       0x12 ./Drivers/STM32F1xx_HAL_Driver/Src/stm32f1xx_hal_tim_ex.o
                0x08003396                HAL_TIMEx_BreakCallback
 .text.memset   0x080033a8       0x10 D:/STM32/STM32CubeIDE_1.16.0/STM32CubeIDE/plugins/com.st.stm32cube.ide.mcu.externaltools.gnu-tools-for-stm32.12.3.rel1.win32_1.0.200.202406191623/tools/bin/../lib/gcc/arm-none-eabi/12.3.1/../../../../arm-none-eabi/lib/thumb/v7-m/nofp\libc_nano.a(libc_a-memset.o)
                0x080033a8                memset
 .text.__libc_init_array
                0x080033b8       0x48 D:/STM32/STM32CubeIDE_1.16.0/STM32CubeIDE/plugins/com.st.stm32cube.ide.mcu.externaltools.gnu-tools-for-stm32.12.3.rel1.win32_1.0.200.202406191623/tools/bin/../lib/gcc/arm-none-eabi/12.3.1/../../../../arm-none-eabi/lib/thumb/v7-m/nofp\libc_nano.a(libc_a-init.o)
                0x080033b8                __libc_init_array
 .text.ceil     0x08003400       0xf8 D:/STM32/STM32CubeIDE_1.16.0/STM32CubeIDE/plugins/com.st.stm32cube.ide.mcu.externaltools.gnu-tools-for-stm32.12.3.rel1.win32_1.0.200.202406191623/tools/bin/../lib/gcc/arm-none-eabi/12.3.1/../../../../arm-none-eabi/lib/thumb/v7-m/nofp\libm.a(libm_a-s_ceil.o)
                0x08003400                ceil
 *(.glue_7)
 .glue_7        0x080034f8        0x0 linker stubs
 *(.glue_7t)
 .glue_7t       0x080034f8        0x0 linker stubs
 *(.eh_frame)
 .eh_frame      0x080034f8        0x0 D:/STM32/STM32CubeIDE_1.16.0/STM32CubeIDE/plugins/com.st.stm32cube.ide.mcu.externaltools.gnu-tools-for-stm32.12.3.rel1.win32_1.0.200.202406191623/tools/bin/../lib/gcc/arm-none-eabi/12.3.1/thumb/v7-m/nofp/crtbegin.o
 *(.init)
 .init          0x080034f8        0x4 D:/STM32/STM32CubeIDE_1.16.0/STM32CubeIDE/plugins/com.st.stm32cube.ide.mcu.externaltools.gnu-tools-for-stm32.12.3.rel1.win32_1.0.200.202406191623/tools/bin/../lib/gcc/arm-none-eabi/12.3.1/thumb/v7-m/nofp/crti.o
                0x080034f8                _init
 .init          0x080034fc        0x8 D:/STM32/STM32CubeIDE_1.16.0/STM32CubeIDE/plugins/com.st.stm32cube.ide.mcu.externaltools.gnu-tools-for-stm32.12.3.rel1.win32_1.0.200.202406191623/tools/bin/../lib/gcc/arm-none-eabi/12.3.1/thumb/v7-m/nofp/crtn.o
 *(.fini)
 .fini          0x08003504        0x4 D:/STM32/STM32CubeIDE_1.16.0/STM32CubeIDE/plugins/com.st.stm32cube.ide.mcu.externaltools.gnu-tools-for-stm32.12.3.rel1.win32_1.0.200.202406191623/tools/bin/../lib/gcc/arm-none-eabi/12.3.1/thumb/v7-m/nofp/crti.o
                0x08003504                _fini
 .fini          0x08003508        0x8 D:/STM32/STM32CubeIDE_1.16.0/STM32CubeIDE/plugins/com.st.stm32cube.ide.mcu.externaltools.gnu-tools-for-stm32.12.3.rel1.win32_1.0.200.202406191623/tools/bin/../lib/gcc/arm-none-eabi/12.3.1/thumb/v7-m/nofp/crtn.o
                0x08003510                        . = ALIGN (0x4)
                0x08003510                        _etext = .

.vfp11_veneer   0x08003510        0x0
 .vfp11_veneer  0x08003510        0x0 linker stubs

.v4_bx          0x08003510        0x0
 .v4_bx         0x08003510        0x0 linker stubs

.iplt           0x08003510        0x0
 .iplt          0x08003510        0x0 D:/STM32/STM32CubeIDE_1.16.0/STM32CubeIDE/plugins/com.st.stm32cube.ide.mcu.externaltools.gnu-tools-for-stm32.12.3.rel1.win32_1.0.200.202406191623/tools/bin/../lib/gcc/arm-none-eabi/12.3.1/thumb/v7-m/nofp/crtbegin.o

.rodata         0x08003510       0x24
                0x08003510                        . = ALIGN (0x4)
 *(.rodata)
 *(.rodata*)
 .rodata.AHBPrescTable
                0x08003510       0x10 ./Core/Src/system_stm32f1xx.o
                0x08003510                AHBPrescTable
 .rodata.aPLLMULFactorTable.1
                0x08003520       0x10 ./Drivers/STM32F1xx_HAL_Driver/Src/stm32f1xx_hal_rcc.o
 .rodata.aPredivFactorTable.0
                0x08003530        0x2 ./Drivers/STM32F1xx_HAL_Driver/Src/stm32f1xx_hal_rcc.o
                0x08003534                        . = ALIGN (0x4)
 *fill*         0x08003532        0x2 

.ARM.extab      0x08003534        0x0
                0x08003534                        . = ALIGN (0x4)
 *(.ARM.extab* .gnu.linkonce.armextab.*)
                0x08003534                        . = ALIGN (0x4)

.ARM            0x08003534        0x0
                0x08003534                        . = ALIGN (0x4)
                0x08003534                        __exidx_start = .
 *(.ARM.exidx*)
                0x08003534                        __exidx_end = .
                0x08003534                        . = ALIGN (0x4)

.preinit_array  0x08003534        0x0
                0x08003534                        . = ALIGN (0x4)
                0x08003534                        PROVIDE (__preinit_array_start = .)
 *(.preinit_array*)
                0x08003534                        PROVIDE (__preinit_array_end = .)
                0x08003534                        . = ALIGN (0x4)

.init_array     0x08003534        0x4
                0x08003534                        . = ALIGN (0x4)
                0x08003534                        PROVIDE (__init_array_start = .)
 *(SORT_BY_NAME(.init_array.*))
 *(.init_array*)
 .init_array    0x08003534        0x4 D:/STM32/STM32CubeIDE_1.16.0/STM32CubeIDE/plugins/com.st.stm32cube.ide.mcu.externaltools.gnu-tools-for-stm32.12.3.rel1.win32_1.0.200.202406191623/tools/bin/../lib/gcc/arm-none-eabi/12.3.1/thumb/v7-m/nofp/crtbegin.o
                0x08003538                        PROVIDE (__init_array_end = .)
                0x08003538                        . = ALIGN (0x4)

.fini_array     0x08003538        0x4
                0x08003538                        . = ALIGN (0x4)
                [!provide]                        PROVIDE (__fini_array_start = .)
 *(SORT_BY_NAME(.fini_array.*))
 *(.fini_array*)
 .fini_array    0x08003538        0x4 D:/STM32/STM32CubeIDE_1.16.0/STM32CubeIDE/plugins/com.st.stm32cube.ide.mcu.externaltools.gnu-tools-for-stm32.12.3.rel1.win32_1.0.200.202406191623/tools/bin/../lib/gcc/arm-none-eabi/12.3.1/thumb/v7-m/nofp/crtbegin.o
                [!provide]                        PROVIDE (__fini_array_end = .)
                0x0800353c                        . = ALIGN (0x4)
                0x0800353c                        _sidata = LOADADDR (.data)

.rel.dyn        0x0800353c        0x0
 .rel.iplt      0x0800353c        0x0 D:/STM32/STM32CubeIDE_1.16.0/STM32CubeIDE/plugins/com.st.stm32cube.ide.mcu.externaltools.gnu-tools-for-stm32.12.3.rel1.win32_1.0.200.202406191623/tools/bin/../lib/gcc/arm-none-eabi/12.3.1/thumb/v7-m/nofp/crtbegin.o

.data           0x20000000       0x44 load address 0x0800353c
                0x20000000                        . = ALIGN (0x4)
                0x20000000                        _sdata = .
 *(.data)
 *(.data*)
 .data.array_seg_pin
                0x20000000        0xe ./Core/Src/7_SEGMENT.o
                0x20000000                array_seg_pin
 *fill*         0x2000000e        0x2 
 .data.array_EN_pin
                0x20000010        0x8 ./Core/Src/7_SEGMENT.o
                0x20000010                array_EN_pin
 .data.pin_of_button
                0x20000018        0x6 ./Core/Src/button.o
                0x20000018                pin_of_button
 *fill*         0x2000001e        0x2 
 .data.Time_red
                0x20000020        0x4 ./Core/Src/global.o
                0x20000020                Time_red
 .data.Time_green
                0x20000024        0x4 ./Core/Src/global.o
                0x20000024                Time_green
 .data.Time_yellow
                0x20000028        0x4 ./Core/Src/global.o
                0x20000028                Time_yellow
 .data.array_LED_pin
                0x2000002c        0xc ./Core/Src/led.o
                0x2000002c                array_LED_pin
 .data.SystemCoreClock
                0x20000038        0x4 ./Core/Src/system_stm32f1xx.o
                0x20000038                SystemCoreClock
 .data.uwTickPrio
                0x2000003c        0x4 ./Drivers/STM32F1xx_HAL_Driver/Src/stm32f1xx_hal.o
                0x2000003c                uwTickPrio
 .data.uwTickFreq
                0x20000040        0x1 ./Drivers/STM32F1xx_HAL_Driver/Src/stm32f1xx_hal.o
                0x20000040                uwTickFreq
 *(.RamFunc)
 *(.RamFunc*)
                0x20000044                        . = ALIGN (0x4)
 *fill*         0x20000041        0x3 
                0x20000044                        _edata = .

.igot.plt       0x20000044        0x0 load address 0x08003580
 .igot.plt      0x20000044        0x0 D:/STM32/STM32CubeIDE_1.16.0/STM32CubeIDE/plugins/com.st.stm32cube.ide.mcu.externaltools.gnu-tools-for-stm32.12.3.rel1.win32_1.0.200.202406191623/tools/bin/../lib/gcc/arm-none-eabi/12.3.1/thumb/v7-m/nofp/crtbegin.o
                0x20000044                        . = ALIGN (0x4)

.bss            0x20000044      0x15c load address 0x08003580
                0x20000044                        _sbss = .
                0x20000044                        __bss_start__ = _sbss
 *(.bss)
 .bss           0x20000044       0x1c D:/STM32/STM32CubeIDE_1.16.0/STM32CubeIDE/plugins/com.st.stm32cube.ide.mcu.externaltools.gnu-tools-for-stm32.12.3.rel1.win32_1.0.200.202406191623/tools/bin/../lib/gcc/arm-none-eabi/12.3.1/thumb/v7-m/nofp/crtbegin.o
 *(.bss*)
 .bss.buffer_led
                0x20000060       0x10 ./Core/Src/7_SEGMENT.o
                0x20000060                buffer_led
 .bss.LED_EN    0x20000070        0x4 ./Core/Src/7_SEGMENT.o
                0x20000070                LED_EN
 .bss.button    0x20000074       0x48 ./Core/Src/button.o
                0x20000074                button
 .bss.state_automatic
                0x200000bc        0x4 ./Core/Src/fsm_automatic.o
                0x200000bc                state_automatic
 .bss.lane1     0x200000c0        0x4 ./Core/Src/fsm_automatic.o
                0x200000c0                lane1
 .bss.lane2     0x200000c4        0x4 ./Core/Src/fsm_automatic.o
                0x200000c4                lane2
 .bss.temp_red  0x200000c8        0x4 ./Core/Src/fsm_manual.o
                0x200000c8                temp_red
 .bss.temp_green
                0x200000cc        0x4 ./Core/Src/fsm_manual.o
                0x200000cc                temp_green
 .bss.temp_yellow
                0x200000d0        0x4 ./Core/Src/fsm_manual.o
                0x200000d0                temp_yellow
 .bss.state_manual
                0x200000d4        0x4 ./Core/Src/fsm_manual.o
                0x200000d4                state_manual
 .bss.pro_mode  0x200000d8        0x4 ./Core/Src/global.o
                0x200000d8                pro_mode
 .bss.htim2     0x200000dc       0x48 ./Core/Src/main.o
                0x200000dc                htim2
 .bss.actions   0x20000124       0x78 ./Core/Src/timer.o
                0x20000124                actions
 .bss.uwTick    0x2000019c        0x4 ./Drivers/STM32F1xx_HAL_Driver/Src/stm32f1xx_hal.o
                0x2000019c                uwTick
 *(COMMON)
                0x200001a0                        . = ALIGN (0x4)
                0x200001a0                        _ebss = .
                0x200001a0                        __bss_end__ = _ebss

._user_heap_stack
                0x200001a0      0x600 load address 0x08003580
                0x200001a0                        . = ALIGN (0x8)
                [!provide]                        PROVIDE (end = .)
                0x200001a0                        PROVIDE (_end = .)
                0x200003a0                        . = (. + _Min_Heap_Size)
 *fill*         0x200001a0      0x200 
                0x200007a0                        . = (. + _Min_Stack_Size)
 *fill*         0x200003a0      0x400 
                0x200007a0                        . = ALIGN (0x8)

/DISCARD/
 libc.a(*)
 libm.a(*)
 libgcc.a(*)

.ARM.attributes
                0x00000000       0x29
 *(.ARM.attributes)
 .ARM.attributes
                0x00000000       0x1d D:/STM32/STM32CubeIDE_1.16.0/STM32CubeIDE/plugins/com.st.stm32cube.ide.mcu.externaltools.gnu-tools-for-stm32.12.3.rel1.win32_1.0.200.202406191623/tools/bin/../lib/gcc/arm-none-eabi/12.3.1/thumb/v7-m/nofp/crti.o
 .ARM.attributes
                0x0000001d       0x2d D:/STM32/STM32CubeIDE_1.16.0/STM32CubeIDE/plugins/com.st.stm32cube.ide.mcu.externaltools.gnu-tools-for-stm32.12.3.rel1.win32_1.0.200.202406191623/tools/bin/../lib/gcc/arm-none-eabi/12.3.1/thumb/v7-m/nofp/crtbegin.o
 .ARM.attributes
                0x0000004a       0x2d ./Core/Src/7_SEGMENT.o
 .ARM.attributes
                0x00000077       0x2d ./Core/Src/button.o
 .ARM.attributes
                0x000000a4       0x2d ./Core/Src/fsm_automatic.o
 .ARM.attributes
                0x000000d1       0x2d ./Core/Src/fsm_manual.o
 .ARM.attributes
                0x000000fe       0x2d ./Core/Src/global.o
 .ARM.attributes
                0x0000012b       0x2d ./Core/Src/led.o
 .ARM.attributes
                0x00000158       0x2d ./Core/Src/main.o
 .ARM.attributes
                0x00000185       0x2d ./Core/Src/stm32f1xx_hal_msp.o
 .ARM.attributes
                0x000001b2       0x2d ./Core/Src/stm32f1xx_it.o
 .ARM.attributes
                0x000001df       0x2d ./Core/Src/system_stm32f1xx.o
 .ARM.attributes
                0x0000020c       0x2d ./Core/Src/timer.o
 .ARM.attributes
                0x00000239       0x21 ./Core/Startup/startup_stm32f103c6tx.o
 .ARM.attributes
                0x0000025a       0x2d ./Drivers/STM32F1xx_HAL_Driver/Src/stm32f1xx_hal.o
 .ARM.attributes
                0x00000287       0x2d ./Drivers/STM32F1xx_HAL_Driver/Src/stm32f1xx_hal_cortex.o
 .ARM.attributes
                0x000002b4       0x2d ./Drivers/STM32F1xx_HAL_Driver/Src/stm32f1xx_hal_gpio.o
 .ARM.attributes
                0x000002e1       0x2d ./Drivers/STM32F1xx_HAL_Driver/Src/stm32f1xx_hal_rcc.o
 .ARM.attributes
                0x0000030e       0x2d ./Drivers/STM32F1xx_HAL_Driver/Src/stm32f1xx_hal_tim.o
 .ARM.attributes
                0x0000033b       0x2d ./Drivers/STM32F1xx_HAL_Driver/Src/stm32f1xx_hal_tim_ex.o
 .ARM.attributes
                0x00000368       0x2d D:/STM32/STM32CubeIDE_1.16.0/STM32CubeIDE/plugins/com.st.stm32cube.ide.mcu.externaltools.gnu-tools-for-stm32.12.3.rel1.win32_1.0.200.202406191623/tools/bin/../lib/gcc/arm-none-eabi/12.3.1/../../../../arm-none-eabi/lib/thumb/v7-m/nofp\libc_nano.a(libc_a-memset.o)
 .ARM.attributes
                0x00000395       0x2d D:/STM32/STM32CubeIDE_1.16.0/STM32CubeIDE/plugins/com.st.stm32cube.ide.mcu.externaltools.gnu-tools-for-stm32.12.3.rel1.win32_1.0.200.202406191623/tools/bin/../lib/gcc/arm-none-eabi/12.3.1/../../../../arm-none-eabi/lib/thumb/v7-m/nofp\libc_nano.a(libc_a-init.o)
 .ARM.attributes
                0x000003c2       0x2d D:/STM32/STM32CubeIDE_1.16.0/STM32CubeIDE/plugins/com.st.stm32cube.ide.mcu.externaltools.gnu-tools-for-stm32.12.3.rel1.win32_1.0.200.202406191623/tools/bin/../lib/gcc/arm-none-eabi/12.3.1/../../../../arm-none-eabi/lib/thumb/v7-m/nofp\libm.a(libm_a-s_ceil.o)
 .ARM.attributes
                0x000003ef       0x1d D:/STM32/STM32CubeIDE_1.16.0/STM32CubeIDE/plugins/com.st.stm32cube.ide.mcu.externaltools.gnu-tools-for-stm32.12.3.rel1.win32_1.0.200.202406191623/tools/bin/../lib/gcc/arm-none-eabi/12.3.1/thumb/v7-m/nofp\libgcc.a(_arm_muldf3.o)
 .ARM.attributes
                0x0000040c       0x1d D:/STM32/STM32CubeIDE_1.16.0/STM32CubeIDE/plugins/com.st.stm32cube.ide.mcu.externaltools.gnu-tools-for-stm32.12.3.rel1.win32_1.0.200.202406191623/tools/bin/../lib/gcc/arm-none-eabi/12.3.1/thumb/v7-m/nofp\libgcc.a(_arm_addsubdf3.o)
 .ARM.attributes
                0x00000429       0x1d D:/STM32/STM32CubeIDE_1.16.0/STM32CubeIDE/plugins/com.st.stm32cube.ide.mcu.externaltools.gnu-tools-for-stm32.12.3.rel1.win32_1.0.200.202406191623/tools/bin/../lib/gcc/arm-none-eabi/12.3.1/thumb/v7-m/nofp\libgcc.a(_arm_cmpdf2.o)
 .ARM.attributes
                0x00000446       0x1d D:/STM32/STM32CubeIDE_1.16.0/STM32CubeIDE/plugins/com.st.stm32cube.ide.mcu.externaltools.gnu-tools-for-stm32.12.3.rel1.win32_1.0.200.202406191623/tools/bin/../lib/gcc/arm-none-eabi/12.3.1/thumb/v7-m/nofp\libgcc.a(_arm_fixdfsi.o)
 .ARM.attributes
                0x00000463       0x1d D:/STM32/STM32CubeIDE_1.16.0/STM32CubeIDE/plugins/com.st.stm32cube.ide.mcu.externaltools.gnu-tools-for-stm32.12.3.rel1.win32_1.0.200.202406191623/tools/bin/../lib/gcc/arm-none-eabi/12.3.1/thumb/v7-m/nofp/crtn.o
OUTPUT(lab3.elf elf32-littlearm)
LOAD linker stubs
LOAD D:/STM32/STM32CubeIDE_1.16.0/STM32CubeIDE/plugins/com.st.stm32cube.ide.mcu.externaltools.gnu-tools-for-stm32.12.3.rel1.win32_1.0.200.202406191623/tools/bin/../lib/gcc/arm-none-eabi/12.3.1/../../../../arm-none-eabi/lib/thumb/v7-m/nofp\libc.a
LOAD D:/STM32/STM32CubeIDE_1.16.0/STM32CubeIDE/plugins/com.st.stm32cube.ide.mcu.externaltools.gnu-tools-for-stm32.12.3.rel1.win32_1.0.200.202406191623/tools/bin/../lib/gcc/arm-none-eabi/12.3.1/../../../../arm-none-eabi/lib/thumb/v7-m/nofp\libm.a
LOAD D:/STM32/STM32CubeIDE_1.16.0/STM32CubeIDE/plugins/com.st.stm32cube.ide.mcu.externaltools.gnu-tools-for-stm32.12.3.rel1.win32_1.0.200.202406191623/tools/bin/../lib/gcc/arm-none-eabi/12.3.1/thumb/v7-m/nofp\libgcc.a

.debug_info     0x00000000     0x8a17
 .debug_info    0x00000000      0x343 ./Core/Src/7_SEGMENT.o
 .debug_info    0x00000343      0x2b6 ./Core/Src/button.o
 .debug_info    0x000005f9      0x237 ./Core/Src/fsm_automatic.o
 .debug_info    0x00000830      0x22d ./Core/Src/fsm_manual.o
 .debug_info    0x00000a5d      0x139 ./Core/Src/global.o
 .debug_info    0x00000b96      0x296 ./Core/Src/led.o
 .debug_info    0x00000e2c      0xbab ./Core/Src/main.o
 .debug_info    0x000019d7      0x91a ./Core/Src/stm32f1xx_hal_msp.o
 .debug_info    0x000022f1      0x6a1 ./Core/Src/stm32f1xx_it.o
 .debug_info    0x00002992      0x222 ./Core/Src/system_stm32f1xx.o
 .debug_info    0x00002bb4      0x170 ./Core/Src/timer.o
 .debug_info    0x00002d24       0x30 ./Core/Startup/startup_stm32f103c6tx.o
 .debug_info    0x00002d54      0x6e6 ./Drivers/STM32F1xx_HAL_Driver/Src/stm32f1xx_hal.o
 .debug_info    0x0000343a      0xa69 ./Drivers/STM32F1xx_HAL_Driver/Src/stm32f1xx_hal_cortex.o
 .debug_info    0x00003ea3      0x5ab ./Drivers/STM32F1xx_HAL_Driver/Src/stm32f1xx_hal_gpio.o
 .debug_info    0x0000444e      0x7d5 ./Drivers/STM32F1xx_HAL_Driver/Src/stm32f1xx_hal_rcc.o
 .debug_info    0x00004c23     0x2959 ./Drivers/STM32F1xx_HAL_Driver/Src/stm32f1xx_hal_tim.o
 .debug_info    0x0000757c     0x149b ./Drivers/STM32F1xx_HAL_Driver/Src/stm32f1xx_hal_tim_ex.o

.debug_abbrev   0x00000000     0x1e0c
 .debug_abbrev  0x00000000      0x1b8 ./Core/Src/7_SEGMENT.o
 .debug_abbrev  0x000001b8      0x198 ./Core/Src/button.o
 .debug_abbrev  0x00000350       0xf6 ./Core/Src/fsm_automatic.o
 .debug_abbrev  0x00000446      0x122 ./Core/Src/fsm_manual.o
 .debug_abbrev  0x00000568       0x9d ./Core/Src/global.o
 .debug_abbrev  0x00000605      0x155 ./Core/Src/led.o
 .debug_abbrev  0x0000075a      0x298 ./Core/Src/main.o
 .debug_abbrev  0x000009f2      0x1ad ./Core/Src/stm32f1xx_hal_msp.o
 .debug_abbrev  0x00000b9f      0x191 ./Core/Src/stm32f1xx_it.o
 .debug_abbrev  0x00000d30      0x13f ./Core/Src/system_stm32f1xx.o
 .debug_abbrev  0x00000e6f      0x10a ./Core/Src/timer.o
 .debug_abbrev  0x00000f79       0x24 ./Core/Startup/startup_stm32f103c6tx.o
 .debug_abbrev  0x00000f9d      0x201 ./Drivers/STM32F1xx_HAL_Driver/Src/stm32f1xx_hal.o
 .debug_abbrev  0x0000119e      0x2f8 ./Drivers/STM32F1xx_HAL_Driver/Src/stm32f1xx_hal_cortex.o
 .debug_abbrev  0x00001496      0x1ca ./Drivers/STM32F1xx_HAL_Driver/Src/stm32f1xx_hal_gpio.o
 .debug_abbrev  0x00001660      0x2b3 ./Drivers/STM32F1xx_HAL_Driver/Src/stm32f1xx_hal_rcc.o
 .debug_abbrev  0x00001913      0x277 ./Drivers/STM32F1xx_HAL_Driver/Src/stm32f1xx_hal_tim.o
 .debug_abbrev  0x00001b8a      0x282 ./Drivers/STM32F1xx_HAL_Driver/Src/stm32f1xx_hal_tim_ex.o

.debug_aranges  0x00000000      0xaa0
 .debug_aranges
                0x00000000       0x30 ./Core/Src/7_SEGMENT.o
 .debug_aranges
                0x00000030       0x40 ./Core/Src/button.o
 .debug_aranges
                0x00000070       0x48 ./Core/Src/fsm_automatic.o
 .debug_aranges
                0x000000b8       0x28 ./Core/Src/fsm_manual.o
 .debug_aranges
                0x000000e0       0x20 ./Core/Src/global.o
 .debug_aranges
                0x00000100       0x40 ./Core/Src/led.o
 .debug_aranges
                0x00000140       0x48 ./Core/Src/main.o
 .debug_aranges
                0x00000188       0x30 ./Core/Src/stm32f1xx_hal_msp.o
 .debug_aranges
                0x000001b8       0x68 ./Core/Src/stm32f1xx_it.o
 .debug_aranges
                0x00000220       0x28 ./Core/Src/system_stm32f1xx.o
 .debug_aranges
                0x00000248       0x30 ./Core/Src/timer.o
 .debug_aranges
                0x00000278       0x28 ./Core/Startup/startup_stm32f103c6tx.o
 .debug_aranges
                0x000002a0       0xe0 ./Drivers/STM32F1xx_HAL_Driver/Src/stm32f1xx_hal.o
 .debug_aranges
                0x00000380      0x100 ./Drivers/STM32F1xx_HAL_Driver/Src/stm32f1xx_hal_cortex.o
 .debug_aranges
                0x00000480       0x58 ./Drivers/STM32F1xx_HAL_Driver/Src/stm32f1xx_hal_gpio.o
 .debug_aranges
                0x000004d8       0x90 ./Drivers/STM32F1xx_HAL_Driver/Src/stm32f1xx_hal_rcc.o
 .debug_aranges
                0x00000568      0x3d0 ./Drivers/STM32F1xx_HAL_Driver/Src/stm32f1xx_hal_tim.o
 .debug_aranges
                0x00000938      0x168 ./Drivers/STM32F1xx_HAL_Driver/Src/stm32f1xx_hal_tim_ex.o

.debug_rnglists
                0x00000000      0x80e
 .debug_rnglists
                0x00000000       0x21 ./Core/Src/7_SEGMENT.o
 .debug_rnglists
                0x00000021       0x2c ./Core/Src/button.o
 .debug_rnglists
                0x0000004d       0x32 ./Core/Src/fsm_automatic.o
 .debug_rnglists
                0x0000007f       0x1a ./Core/Src/fsm_manual.o
 .debug_rnglists
                0x00000099       0x13 ./Core/Src/global.o
 .debug_rnglists
                0x000000ac       0x2c ./Core/Src/led.o
 .debug_rnglists
                0x000000d8       0x33 ./Core/Src/main.o
 .debug_rnglists
                0x0000010b       0x1f ./Core/Src/stm32f1xx_hal_msp.o
 .debug_rnglists
                0x0000012a       0x49 ./Core/Src/stm32f1xx_it.o
 .debug_rnglists
                0x00000173       0x1a ./Core/Src/system_stm32f1xx.o
 .debug_rnglists
                0x0000018d       0x20 ./Core/Src/timer.o
 .debug_rnglists
                0x000001ad       0x19 ./Core/Startup/startup_stm32f103c6tx.o
 .debug_rnglists
                0x000001c6       0xa3 ./Drivers/STM32F1xx_HAL_Driver/Src/stm32f1xx_hal.o
 .debug_rnglists
                0x00000269       0xbb ./Drivers/STM32F1xx_HAL_Driver/Src/stm32f1xx_hal_cortex.o
 .debug_rnglists
                0x00000324       0x3f ./Drivers/STM32F1xx_HAL_Driver/Src/stm32f1xx_hal_gpio.o
 .debug_rnglists
                0x00000363       0x6c ./Drivers/STM32F1xx_HAL_Driver/Src/stm32f1xx_hal_rcc.o
 .debug_rnglists
                0x000003cf      0x31a ./Drivers/STM32F1xx_HAL_Driver/Src/stm32f1xx_hal_tim.o
 .debug_rnglists
                0x000006e9      0x125 ./Drivers/STM32F1xx_HAL_Driver/Src/stm32f1xx_hal_tim_ex.o

.debug_macro    0x00000000    0x18058
 .debug_macro   0x00000000      0x2b6 ./Core/Src/7_SEGMENT.o
 .debug_macro   0x000002b6      0xaa8 ./Core/Src/7_SEGMENT.o
 .debug_macro   0x00000d5e      0x215 ./Core/Src/7_SEGMENT.o
 .debug_macro   0x00000f73       0x2e ./Core/Src/7_SEGMENT.o
 .debug_macro   0x00000fa1       0x22 ./Core/Src/7_SEGMENT.o
 .debug_macro   0x00000fc3       0x22 ./Core/Src/7_SEGMENT.o
 .debug_macro   0x00000fe5       0x8e ./Core/Src/7_SEGMENT.o
 .debug_macro   0x00001073       0x51 ./Core/Src/7_SEGMENT.o
 .debug_macro   0x000010c4      0x103 ./Core/Src/7_SEGMENT.o
 .debug_macro   0x000011c7       0x6a ./Core/Src/7_SEGMENT.o
 .debug_macro   0x00001231      0x1df ./Core/Src/7_SEGMENT.o
 .debug_macro   0x00001410       0x1c ./Core/Src/7_SEGMENT.o
 .debug_macro   0x0000142c       0x22 ./Core/Src/7_SEGMENT.o
 .debug_macro   0x0000144e       0xbd ./Core/Src/7_SEGMENT.o
 .debug_macro   0x0000150b      0xd23 ./Core/Src/7_SEGMENT.o
 .debug_macro   0x0000222e     0xde75 ./Core/Src/7_SEGMENT.o
 .debug_macro   0x000100a3       0x6d ./Core/Src/7_SEGMENT.o
 .debug_macro   0x00010110     0x34a2 ./Core/Src/7_SEGMENT.o
 .debug_macro   0x000135b2      0x189 ./Core/Src/7_SEGMENT.o
 .debug_macro   0x0001373b       0x5c ./Core/Src/7_SEGMENT.o
 .debug_macro   0x00013797      0x5bc ./Core/Src/7_SEGMENT.o
 .debug_macro   0x00013d53      0x1b7 ./Core/Src/7_SEGMENT.o
 .debug_macro   0x00013f0a      0x1cb ./Core/Src/7_SEGMENT.o
 .debug_macro   0x000140d5      0x114 ./Core/Src/7_SEGMENT.o
 .debug_macro   0x000141e9      0x1b2 ./Core/Src/7_SEGMENT.o
 .debug_macro   0x0001439b       0x27 ./Core/Src/7_SEGMENT.o
 .debug_macro   0x000143c2      0x12f ./Core/Src/7_SEGMENT.o
 .debug_macro   0x000144f1      0x1bc ./Core/Src/7_SEGMENT.o
 .debug_macro   0x000146ad       0x34 ./Core/Src/7_SEGMENT.o
 .debug_macro   0x000146e1       0x3c ./Core/Src/7_SEGMENT.o
 .debug_macro   0x0001471d       0x57 ./Core/Src/7_SEGMENT.o
 .debug_macro   0x00014774       0x87 ./Core/Src/7_SEGMENT.o
 .debug_macro   0x000147fb      0x183 ./Core/Src/7_SEGMENT.o
 .debug_macro   0x0001497e      0x140 ./Core/Src/7_SEGMENT.o
 .debug_macro   0x00014abe      0x8ed ./Core/Src/7_SEGMENT.o
 .debug_macro   0x000153ab       0x69 ./Core/Src/7_SEGMENT.o
 .debug_macro   0x00015414      0x10c ./Core/Src/7_SEGMENT.o
 .debug_macro   0x00015520       0x61 ./Core/Src/7_SEGMENT.o
 .debug_macro   0x00015581       0x24 ./Core/Src/7_SEGMENT.o
 .debug_macro   0x000155a5       0x43 ./Core/Src/7_SEGMENT.o
 .debug_macro   0x000155e8       0x34 ./Core/Src/7_SEGMENT.o
 .debug_macro   0x0001561c       0x16 ./Core/Src/7_SEGMENT.o
 .debug_macro   0x00015632       0x43 ./Core/Src/7_SEGMENT.o
 .debug_macro   0x00015675       0x34 ./Core/Src/7_SEGMENT.o
 .debug_macro   0x000156a9       0x10 ./Core/Src/7_SEGMENT.o
 .debug_macro   0x000156b9       0x58 ./Core/Src/7_SEGMENT.o
 .debug_macro   0x00015711       0x8e ./Core/Src/7_SEGMENT.o
 .debug_macro   0x0001579f       0x1c ./Core/Src/7_SEGMENT.o
 .debug_macro   0x000157bb      0x177 ./Core/Src/7_SEGMENT.o
 .debug_macro   0x00015932      0x369 ./Core/Src/7_SEGMENT.o
 .debug_macro   0x00015c9b      0x19b ./Core/Src/7_SEGMENT.o
 .debug_macro   0x00015e36       0x2e ./Core/Src/7_SEGMENT.o
 .debug_macro   0x00015e64       0x1c ./Core/Src/7_SEGMENT.o
 .debug_macro   0x00015e80       0x28 ./Core/Src/7_SEGMENT.o
 .debug_macro   0x00015ea8       0x2e ./Core/Src/7_SEGMENT.o
 .debug_macro   0x00015ed6       0x46 ./Core/Src/7_SEGMENT.o
 .debug_macro   0x00015f1c      0x1b5 ./Core/Src/button.o
 .debug_macro   0x000160d1      0x2b6 ./Core/Src/fsm_automatic.o
 .debug_macro   0x00016387      0x2b0 ./Core/Src/fsm_manual.o
 .debug_macro   0x00016637       0x22 ./Core/Src/fsm_manual.o
 .debug_macro   0x00016659      0x2ac ./Core/Src/global.o
 .debug_macro   0x00016905      0x2b6 ./Core/Src/led.o
 .debug_macro   0x00016bbb       0x28 ./Core/Src/led.o
 .debug_macro   0x00016be3      0x2ac ./Core/Src/main.o
 .debug_macro   0x00016e8f      0x1a6 ./Core/Src/stm32f1xx_hal_msp.o
 .debug_macro   0x00017035      0x1b0 ./Core/Src/stm32f1xx_it.o
 .debug_macro   0x000171e5      0x197 ./Core/Src/system_stm32f1xx.o
 .debug_macro   0x0001737c      0x2b0 ./Core/Src/timer.o
 .debug_macro   0x0001762c      0x1bb ./Drivers/STM32F1xx_HAL_Driver/Src/stm32f1xx_hal.o
 .debug_macro   0x000177e7      0x197 ./Drivers/STM32F1xx_HAL_Driver/Src/stm32f1xx_hal_cortex.o
 .debug_macro   0x0001797e      0x202 ./Drivers/STM32F1xx_HAL_Driver/Src/stm32f1xx_hal_gpio.o
 .debug_macro   0x00017b80      0x1a9 ./Drivers/STM32F1xx_HAL_Driver/Src/stm32f1xx_hal_rcc.o
 .debug_macro   0x00017d29      0x198 ./Drivers/STM32F1xx_HAL_Driver/Src/stm32f1xx_hal_tim.o
 .debug_macro   0x00017ec1      0x197 ./Drivers/STM32F1xx_HAL_Driver/Src/stm32f1xx_hal_tim_ex.o

.debug_line     0x00000000     0xdb66
 .debug_line    0x00000000      0xaba ./Core/Src/7_SEGMENT.o
 .debug_line    0x00000aba      0x7e8 ./Core/Src/button.o
 .debug_line    0x000012a2      0x984 ./Core/Src/fsm_automatic.o
 .debug_line    0x00001c26      0x9a2 ./Core/Src/fsm_manual.o
 .debug_line    0x000025c8      0x89c ./Core/Src/global.o
 .debug_line    0x00002e64      0x919 ./Core/Src/led.o
 .debug_line    0x0000377d      0x9b7 ./Core/Src/main.o
 .debug_line    0x00004134      0x735 ./Core/Src/stm32f1xx_hal_msp.o
 .debug_line    0x00004869      0x7d3 ./Core/Src/stm32f1xx_it.o
 .debug_line    0x0000503c      0x777 ./Core/Src/system_stm32f1xx.o
 .debug_line    0x000057b3      0x8ef ./Core/Src/timer.o
 .debug_line    0x000060a2       0x78 ./Core/Startup/startup_stm32f103c6tx.o
 .debug_line    0x0000611a      0x9a4 ./Drivers/STM32F1xx_HAL_Driver/Src/stm32f1xx_hal.o
 .debug_line    0x00006abe      0xb90 ./Drivers/STM32F1xx_HAL_Driver/Src/stm32f1xx_hal_cortex.o
 .debug_line    0x0000764e      0xa28 ./Drivers/STM32F1xx_HAL_Driver/Src/stm32f1xx_hal_gpio.o
 .debug_line    0x00008076      0xdad ./Drivers/STM32F1xx_HAL_Driver/Src/stm32f1xx_hal_rcc.o
 .debug_line    0x00008e23     0x3480 ./Drivers/STM32F1xx_HAL_Driver/Src/stm32f1xx_hal_tim.o
 .debug_line    0x0000c2a3     0x18c3 ./Drivers/STM32F1xx_HAL_Driver/Src/stm32f1xx_hal_tim_ex.o

.debug_str      0x00000000    0x85f30
 .debug_str     0x00000000    0x832b5 ./Core/Src/7_SEGMENT.o
                              0x83619 (size before relaxing)
 .debug_str     0x000832b5       0xbe ./Core/Src/button.o
                              0x7fbb5 (size before relaxing)
 .debug_str     0x00083373       0xf4 ./Core/Src/fsm_automatic.o
                              0x83622 (size before relaxing)
 .debug_str     0x00083467       0x5a ./Core/Src/fsm_manual.o
                              0x8360f (size before relaxing)
 .debug_str     0x000834c1       0x15 ./Core/Src/global.o
                              0x83553 (size before relaxing)
 .debug_str     0x000834d6       0x55 ./Core/Src/led.o
                              0x835f8 (size before relaxing)
 .debug_str     0x0008352b      0x7a0 ./Core/Src/main.o
                              0x83db5 (size before relaxing)
 .debug_str     0x00083ccb      0x300 ./Core/Src/stm32f1xx_hal_msp.o
                              0x8027f (size before relaxing)
 .debug_str     0x00083fcb       0xec ./Core/Src/stm32f1xx_it.o
                              0x7ffba (size before relaxing)
 .debug_str     0x000840b7       0x88 ./Core/Src/system_stm32f1xx.o
                              0x7f71f (size before relaxing)
 .debug_str     0x0008413f       0x1d ./Core/Src/timer.o
                              0x8354e (size before relaxing)
 .debug_str     0x0008415c       0x44 ./Core/Startup/startup_stm32f103c6tx.o
                                 0x5b (size before relaxing)
 .debug_str     0x000841a0      0x38e ./Drivers/STM32F1xx_HAL_Driver/Src/stm32f1xx_hal.o
                              0x7fe18 (size before relaxing)
 .debug_str     0x0008452e      0x294 ./Drivers/STM32F1xx_HAL_Driver/Src/stm32f1xx_hal_cortex.o
                              0x7fd64 (size before relaxing)
 .debug_str     0x000847c2      0x2d2 ./Drivers/STM32F1xx_HAL_Driver/Src/stm32f1xx_hal_gpio.o
                              0x7faa5 (size before relaxing)
 .debug_str     0x00084a94      0x229 ./Drivers/STM32F1xx_HAL_Driver/Src/stm32f1xx_hal_rcc.o
                              0x7fb4e (size before relaxing)
 .debug_str     0x00084cbd      0xde0 ./Drivers/STM32F1xx_HAL_Driver/Src/stm32f1xx_hal_tim.o
                              0x80b50 (size before relaxing)
 .debug_str     0x00085a9d      0x493 ./Drivers/STM32F1xx_HAL_Driver/Src/stm32f1xx_hal_tim_ex.o
                              0x8035c (size before relaxing)

.comment        0x00000000       0x43
 .comment       0x00000000       0x43 ./Core/Src/7_SEGMENT.o
                                 0x44 (size before relaxing)
 .comment       0x00000043       0x44 ./Core/Src/button.o
 .comment       0x00000043       0x44 ./Core/Src/fsm_automatic.o
 .comment       0x00000043       0x44 ./Core/Src/fsm_manual.o
 .comment       0x00000043       0x44 ./Core/Src/global.o
 .comment       0x00000043       0x44 ./Core/Src/led.o
 .comment       0x00000043       0x44 ./Core/Src/main.o
 .comment       0x00000043       0x44 ./Core/Src/stm32f1xx_hal_msp.o
 .comment       0x00000043       0x44 ./Core/Src/stm32f1xx_it.o
 .comment       0x00000043       0x44 ./Core/Src/system_stm32f1xx.o
 .comment       0x00000043       0x44 ./Core/Src/timer.o
 .comment       0x00000043       0x44 ./Drivers/STM32F1xx_HAL_Driver/Src/stm32f1xx_hal.o
 .comment       0x00000043       0x44 ./Drivers/STM32F1xx_HAL_Driver/Src/stm32f1xx_hal_cortex.o
 .comment       0x00000043       0x44 ./Drivers/STM32F1xx_HAL_Driver/Src/stm32f1xx_hal_gpio.o
 .comment       0x00000043       0x44 ./Drivers/STM32F1xx_HAL_Driver/Src/stm32f1xx_hal_rcc.o
 .comment       0x00000043       0x44 ./Drivers/STM32F1xx_HAL_Driver/Src/stm32f1xx_hal_tim.o
 .comment       0x00000043       0x44 ./Drivers/STM32F1xx_HAL_Driver/Src/stm32f1xx_hal_tim_ex.o

.debug_frame    0x00000000     0x2b64
 .debug_frame   0x00000000       0x80 ./Core/Src/7_SEGMENT.o
 .debug_frame   0x00000080       0xb0 ./Core/Src/button.o
 .debug_frame   0x00000130       0xb8 ./Core/Src/fsm_automatic.o
 .debug_frame   0x000001e8       0x4c ./Core/Src/fsm_manual.o
 .debug_frame   0x00000234       0x2c ./Core/Src/global.o
 .debug_frame   0x00000260       0xc4 ./Core/Src/led.o
 .debug_frame   0x00000324       0xd4 ./Core/Src/main.o
 .debug_frame   0x000003f8       0x80 ./Core/Src/stm32f1xx_hal_msp.o
 .debug_frame   0x00000478      0x120 ./Core/Src/stm32f1xx_it.o
 .debug_frame   0x00000598       0x58 ./Core/Src/system_stm32f1xx.o
 .debug_frame   0x000005f0       0x88 ./Core/Src/timer.o
 .debug_frame   0x00000678      0x334 ./Drivers/STM32F1xx_HAL_Driver/Src/stm32f1xx_hal.o
 .debug_frame   0x000009ac      0x428 ./Drivers/STM32F1xx_HAL_Driver/Src/stm32f1xx_hal_cortex.o
 .debug_frame   0x00000dd4      0x14c ./Drivers/STM32F1xx_HAL_Driver/Src/stm32f1xx_hal_gpio.o
 .debug_frame   0x00000f20      0x218 ./Drivers/STM32F1xx_HAL_Driver/Src/stm32f1xx_hal_rcc.o
 .debug_frame   0x00001138     0x11b4 ./Drivers/STM32F1xx_HAL_Driver/Src/stm32f1xx_hal_tim.o
 .debug_frame   0x000022ec      0x638 ./Drivers/STM32F1xx_HAL_Driver/Src/stm32f1xx_hal_tim_ex.o
 .debug_frame   0x00002924       0x20 D:/STM32/STM32CubeIDE_1.16.0/STM32CubeIDE/plugins/com.st.stm32cube.ide.mcu.externaltools.gnu-tools-for-stm32.12.3.rel1.win32_1.0.200.202406191623/tools/bin/../lib/gcc/arm-none-eabi/12.3.1/../../../../arm-none-eabi/lib/thumb/v7-m/nofp\libc_nano.a(libc_a-memset.o)
 .debug_frame   0x00002944       0x2c D:/STM32/STM32CubeIDE_1.16.0/STM32CubeIDE/plugins/com.st.stm32cube.ide.mcu.externaltools.gnu-tools-for-stm32.12.3.rel1.win32_1.0.200.202406191623/tools/bin/../lib/gcc/arm-none-eabi/12.3.1/../../../../arm-none-eabi/lib/thumb/v7-m/nofp\libc_nano.a(libc_a-init.o)
 .debug_frame   0x00002970       0x30 D:/STM32/STM32CubeIDE_1.16.0/STM32CubeIDE/plugins/com.st.stm32cube.ide.mcu.externaltools.gnu-tools-for-stm32.12.3.rel1.win32_1.0.200.202406191623/tools/bin/../lib/gcc/arm-none-eabi/12.3.1/../../../../arm-none-eabi/lib/thumb/v7-m/nofp\libm.a(libm_a-s_ceil.o)
 .debug_frame   0x000029a0       0x30 D:/STM32/STM32CubeIDE_1.16.0/STM32CubeIDE/plugins/com.st.stm32cube.ide.mcu.externaltools.gnu-tools-for-stm32.12.3.rel1.win32_1.0.200.202406191623/tools/bin/../lib/gcc/arm-none-eabi/12.3.1/thumb/v7-m/nofp\libgcc.a(_arm_muldf3.o)
 .debug_frame   0x000029d0       0xac D:/STM32/STM32CubeIDE_1.16.0/STM32CubeIDE/plugins/com.st.stm32cube.ide.mcu.externaltools.gnu-tools-for-stm32.12.3.rel1.win32_1.0.200.202406191623/tools/bin/../lib/gcc/arm-none-eabi/12.3.1/thumb/v7-m/nofp\libgcc.a(_arm_addsubdf3.o)
 .debug_frame   0x00002a7c       0xc4 D:/STM32/STM32CubeIDE_1.16.0/STM32CubeIDE/plugins/com.st.stm32cube.ide.mcu.externaltools.gnu-tools-for-stm32.12.3.rel1.win32_1.0.200.202406191623/tools/bin/../lib/gcc/arm-none-eabi/12.3.1/thumb/v7-m/nofp\libgcc.a(_arm_cmpdf2.o)
 .debug_frame   0x00002b40       0x24 D:/STM32/STM32CubeIDE_1.16.0/STM32CubeIDE/plugins/com.st.stm32cube.ide.mcu.externaltools.gnu-tools-for-stm32.12.3.rel1.win32_1.0.200.202406191623/tools/bin/../lib/gcc/arm-none-eabi/12.3.1/thumb/v7-m/nofp\libgcc.a(_arm_fixdfsi.o)

.debug_line_str
                0x00000000       0x3f
 .debug_line_str
                0x00000000       0x3f ./Core/Startup/startup_stm32f103c6tx.o
